// Jest Snapshot v1, https://goo.gl/fbAQLP

exports[`Team Component matches snapshots 1`] = `
<DocumentFragment>
  <h1>
    OUR TEAM
  </h1>
  <br />
  <div
    class="team-container"
  >
    <div
      class="team-member"
      data-testid="Aniso"
    >
      <img
        alt="Aniso"
        src="/images/aniso.jpg"
      />
      <p>
        Aniso Mohamed Kilas
        <br />
        Frontend Developer
      </p>
    </div>
    <div
      class="team-member"
      data-testid="Eunice"
    >
      <img
        alt="Eunice"
        src="/images/eunice .jpg"
      />
      <p>
        Eunice Musenyia
        <br />
        Full Stack Developer
      </p>
    </div>
    <div
      class="team-member"
      data-testid="Susan"
    >
      <img
        alt="Susan"
        src="/images/susan.jpg"
      />
      <p>
        Susan Maina
        <br />
        Software Developer
      </p>
    </div>
    <div
      class="team-member"
      data-testid="Clever"
    >
      <img
        alt="Clever"
        src="/images/clever.jpg"
      />
      <p>
        Clever Kayitaramirwa
        <br />
        Full Stack Developer
      </p>
    </div>
    <div
      class="team-member"
      data-testid="Joy"
    >
      <img
        alt="Joy"
        src="/images/joy.jpg"
      />
      <p>
        Joy Mitingi
        <br />
        Mobile Developer
      </p>
    </div>
  </div>
</DocumentFragment>
`;
